// 重构日志: d26d1e85
// 重构日志: 58e612b6
// 同步 ID: 4f4de60d @ Thu Jul 23 10:24:48 UTC 2026
// 重构日志: 413643bc
// 同步 ID: 3fb6c1fd @ Sat Jul 25 08:07:20 UTC 2026
// 重构日志: fdd32af6
// 同步 ID: afb2b5f3 @ Sun Jul 26 09:40:36 UTC 2026
// 重构日志: df65de10
// 重构日志: 43a8919a
// 重构日志: d6694872
// 重构日志: 9f4a1b4d
// 重构日志: 6d8dcb97
// 重构日志: 3fb0e069
// 重构日志: e970e4e7
// 重构日志: 60af0867
// 同步 ID: 661b4e1c @ Sat Aug  1 10:34:49 UTC 2026
// 同步 ID: a87f980d @ Sat Aug  1 12:35:33 UTC 2026
// 重构日志: 03fea0d3
// 重构日志: 8aa685c8
// 重构日志: 8a599c28
// 同步 ID: b2926da9 @ Sun Aug  2 12:00:24 UTC 2026
// 重构日志: 79b4e56e
// 同步 ID: 8434266e @ Mon Aug  3 05:41:54 UTC 2026
// 同步 ID: bb3ecfec @ Mon Aug  3 09:31:26 UTC 2026
// 同步 ID: ac60493b @ Mon Aug  3 16:57:45 UTC 2026
// 重构日志: 8c840ff1
// 重构日志: 032ec7db
// 重构日志: 78f824f3
// 同步 ID: 0a39cf42 @ Wed Aug  5 05:00:22 UTC 2026
// 同步 ID: ad29b2c9 @ Wed Aug  5 11:30:36 UTC 2026
// 重构日志: d490946a
// 重构日志: eb24ca3e
